"","x"
"1",0.066
"2",3.3
"3",45
"4",4
"5",15
"6",126
